生成启动时间为 2021/8/24 17:20:28。
     1>项目“D:\aubo\aubosdk\build-serviceinterface-Desktop_Qt_5_12_9_MinGW_64_bit-Debug\serviceinterface-2.5.0-win64.bf52073\example\c++\auboi5-sdk-for-windows-x64\auboi5-sdk-for-windows-x86\auboi5-sdk-for-windows-x86.vcxproj”在节点 2 上(Build 个目标)。
     1>ClCompile:
         C:\Program Files (x86)\Microsoft Visual Studio 14.0\VC\bin\x86_amd64\CL.exe /c /Zi /nologo /W1 /WX- /O2 /Gm- /EHs /MD /GS /fp:precise /Zc:wchar_t /Zc:forScope /Zc:inline /Fo"x64\Debug\\" /Fd"x64\Debug\vc140.pdb" /Gd /TP /errorReport:prompt "auboi5-sdk-for-windows-x86.cpp" example.cpp
         auboi5-sdk-for-windows-x86.cpp
     1>D:\aubo\aubosdk\build-serviceinterface-Desktop_Qt_5_12_9_MinGW_64_bit-Debug\serviceinterface-2.5.0-win64.bf52073\example\c++\auboi5-sdk-for-windows-x64\auboi5-sdk-for-windows-x86\serviceinterface\include\serviceinterface\rsdef.h : warning C4819: 该文件包含不能在当前代码页(936)中表示的字符。请将该文件保存为 Unicode 格式以防止数据丢失
     1>d:\aubo\aubosdk\build-serviceinterface-desktop_qt_5_12_9_mingw_64_bit-debug\serviceinterface-2.5.0-win64.bf52073\example\c++\auboi5-sdk-for-windows-x64\auboi5-sdk-for-windows-x86\serviceinterface\include\serviceinterface\AuboRobotMetaType.h : warning C4819: 该文件包含不能在当前代码页(936)中表示的字符。请将该文件保存为 Unicode 格式以防止数据丢失
     1>d:\aubo\aubosdk\build-serviceinterface-desktop_qt_5_12_9_mingw_64_bit-debug\serviceinterface-2.5.0-win64.bf52073\example\c++\auboi5-sdk-for-windows-x64\auboi5-sdk-for-windows-x86\serviceinterface\include\serviceinterface\AuboRobotMetaType.h(968): warning C4819: 该文件包含不能在当前代码页(936)中表示的字符。请将该文件保存为 Unicode 格式以防止数据丢失
     1>d:\aubo\aubosdk\build-serviceinterface-desktop_qt_5_12_9_mingw_64_bit-debug\serviceinterface-2.5.0-win64.bf52073\example\c++\auboi5-sdk-for-windows-x64\auboi5-sdk-for-windows-x86\serviceinterface\include\serviceinterface\AuboRobotMetaType.h(1384): warning C4819: 该文件包含不能在当前代码页(936)中表示的字符。请将该文件保存为 Unicode 格式以防止数据丢失
     1>D:\aubo\aubosdk\build-serviceinterface-Desktop_Qt_5_12_9_MinGW_64_bit-Debug\serviceinterface-2.5.0-win64.bf52073\example\c++\auboi5-sdk-for-windows-x64\auboi5-sdk-for-windows-x86\serviceinterface\include\serviceinterface\rsdef.h(602): warning C4819: 该文件包含不能在当前代码页(936)中表示的字符。请将该文件保存为 Unicode 格式以防止数据丢失
         example.cpp
     1>D:\aubo\aubosdk\build-serviceinterface-Desktop_Qt_5_12_9_MinGW_64_bit-Debug\serviceinterface-2.5.0-win64.bf52073\example\c++\auboi5-sdk-for-windows-x64\auboi5-sdk-for-windows-x86\serviceinterface\include\serviceinterface\rsdef.h : warning C4819: 该文件包含不能在当前代码页(936)中表示的字符。请将该文件保存为 Unicode 格式以防止数据丢失
     1>d:\aubo\aubosdk\build-serviceinterface-desktop_qt_5_12_9_mingw_64_bit-debug\serviceinterface-2.5.0-win64.bf52073\example\c++\auboi5-sdk-for-windows-x64\auboi5-sdk-for-windows-x86\serviceinterface\include\serviceinterface\AuboRobotMetaType.h : warning C4819: 该文件包含不能在当前代码页(936)中表示的字符。请将该文件保存为 Unicode 格式以防止数据丢失
     1>d:\aubo\aubosdk\build-serviceinterface-desktop_qt_5_12_9_mingw_64_bit-debug\serviceinterface-2.5.0-win64.bf52073\example\c++\auboi5-sdk-for-windows-x64\auboi5-sdk-for-windows-x86\serviceinterface\include\serviceinterface\AuboRobotMetaType.h(968): warning C4819: 该文件包含不能在当前代码页(936)中表示的字符。请将该文件保存为 Unicode 格式以防止数据丢失
     1>d:\aubo\aubosdk\build-serviceinterface-desktop_qt_5_12_9_mingw_64_bit-debug\serviceinterface-2.5.0-win64.bf52073\example\c++\auboi5-sdk-for-windows-x64\auboi5-sdk-for-windows-x86\serviceinterface\include\serviceinterface\AuboRobotMetaType.h(1384): warning C4819: 该文件包含不能在当前代码页(936)中表示的字符。请将该文件保存为 Unicode 格式以防止数据丢失
     1>D:\aubo\aubosdk\build-serviceinterface-Desktop_Qt_5_12_9_MinGW_64_bit-Debug\serviceinterface-2.5.0-win64.bf52073\example\c++\auboi5-sdk-for-windows-x64\auboi5-sdk-for-windows-x86\serviceinterface\include\serviceinterface\rsdef.h(602): warning C4819: 该文件包含不能在当前代码页(936)中表示的字符。请将该文件保存为 Unicode 格式以防止数据丢失
         正在生成代码...
       Link:
         C:\Program Files (x86)\Microsoft Visual Studio 14.0\VC\bin\x86_amd64\link.exe /ERRORREPORT:PROMPT /OUT:"D:\aubo\aubosdk\build-serviceinterface-Desktop_Qt_5_12_9_MinGW_64_bit-Debug\serviceinterface-2.5.0-win64.bf52073\example\c++\auboi5-sdk-for-windows-x64\x64\Debug\auboi5-sdk-for-windows-x86.exe" /NOLOGO serviceinterface2.lib kernel32.lib user32.lib gdi32.lib winspool.lib comdlg32.lib advapi32.lib shell32.lib ole32.lib oleaut32.lib uuid.lib odbc32.lib odbccp32.lib kernel32.lib user32.lib gdi32.lib winspool.lib comdlg32.lib advapi32.lib shell32.lib ole32.lib oleaut32.lib uuid.lib odbc32.lib odbccp32.lib /MANIFEST /MANIFESTUAC:"level='asInvoker' uiAccess='false'" /manifest:embed /DEBUG /PDB:"D:\aubo\aubosdk\build-serviceinterface-Desktop_Qt_5_12_9_MinGW_64_bit-Debug\serviceinterface-2.5.0-win64.bf52073\example\c++\auboi5-sdk-for-windows-x64\x64\Debug\auboi5-sdk-for-windows-x86.pdb" /TLBID:1 /DYNAMICBASE /NXCOMPAT /IMPLIB:"D:\aubo\aubosdk\build-serviceinterface-Desktop_Qt_5_12_9_MinGW_64_bit-Debug\serviceinterface-2.5.0-win64.bf52073\example\c++\auboi5-sdk-for-windows-x64\x64\Debug\auboi5-sdk-for-windows-x86.lib" /MACHINE:X64 "x64\Debug\auboi5-sdk-for-windows-x86.obj"
         x64\Debug\example.obj
         auboi5-sdk-for-windows-x86.vcxproj -> D:\aubo\aubosdk\build-serviceinterface-Desktop_Qt_5_12_9_MinGW_64_bit-Debug\serviceinterface-2.5.0-win64.bf52073\example\c++\auboi5-sdk-for-windows-x64\x64\Debug\auboi5-sdk-for-windows-x86.exe
     1>已完成生成项目“D:\aubo\aubosdk\build-serviceinterface-Desktop_Qt_5_12_9_MinGW_64_bit-Debug\serviceinterface-2.5.0-win64.bf52073\example\c++\auboi5-sdk-for-windows-x64\auboi5-sdk-for-windows-x86\auboi5-sdk-for-windows-x86.vcxproj”(Build 个目标)的操作。

已成功生成。

已用时间 00:00:01.61
